left -> middle
left -> right
middle -> right
left -> middle
right -> left
right -> middle
left -> middle
left -> right
middle -> right
middle -> left
right -> left
middle -> right
left -> middle
left -> right
middle -> right
left -> middle
right -> left
right -> middle
left -> middle
right -> left
middle -> right
middle -> left
right -> left
right -> middle
left -> middle
left -> right
middle -> right
left -> middle
right -> left
right -> middle
left -> middle
